2025-09-02 13:11:00 | WARN | repo=a4m36jee-2014-infinispan-seminar | action=pull
2025-01-02 21:29:00 | WARN | repo=a4m36jee-2014-infinispan-seminar | action=test | passed=true
2025-02-22 17:30:00 | INFO | repo=a4m36jee-2014-infinispan-seminar | action=commit
2025-10-20 09:45:00 | DEBUG | repo=a4m36jee-2014-infinispan-seminar | action=commit
2025-11-11 21:27:00 | DEBUG | repo=a4m36jee-2014-infinispan-seminar | action=commit
2025-09-07 10:16:00 | INFO | repo=a4m36jee-2014-infinispan-seminar | action=pull
2025-05-12 12:23:00 | DEBUG | repo=a4m36jee-2014-infinispan-seminar | action=commit
2025-03-08 16:35:00 | WARN | repo=a4m36jee-2014-infinispan-seminar | action=test | passed=true
2025-11-05 19:37:00 | WARN | repo=a4m36jee-2014-infinispan-seminar | action=commit
2025-08-24 21:04:00 | DEBUG | repo=a4m36jee-2014-infinispan-seminar | action=commit
2025-02-03 13:14:00 | INFO | repo=a4m36jee-2014-infinispan-seminar | action=test | passed=true
2025-07-28 12:03:00 | DEBUG | repo=a4m36jee-2014-infinispan-seminar | action=test | passed=true
2025-11-13 11:01:00 | INFO | repo=a4m36jee-2014-infinispan-seminar | action=commit
2025-10-15 16:15:00 | WARN | repo=a4m36jee-2014-infinispan-seminar | action=commit
2025-04-05 10:04:00 | DEBUG | repo=a4m36jee-2014-infinispan-seminar | action=pull
2025-11-03 14:32:00 | INFO | repo=a4m36jee-2014-infinispan-seminar | action=commit
2025-04-19 19:45:00 | INFO | repo=a4m36jee-2014-infinispan-seminar | action=commit
2025-07-09 07:31:00 | DEBUG | repo=a4m36jee-2014-infinispan-seminar | action=pull
2025-10-11 19:14:00 | INFO | repo=a4m36jee-2014-infinispan-seminar | action=commit
2025-05-19 17:26:00 | WARN | repo=a4m36jee-2014-infinispan-seminar | action=commit
2025-10-10 07:22:00 | WARN | repo=a4m36jee-2014-infinispan-seminar | action=pull
2025-08-21 21:02:00 | INFO | repo=a4m36jee-2014-infinispan-seminar | action=test | passed=true
2025-06-01 14:29:00 | INFO | repo=a4m36jee-2014-infinispan-seminar | action=test | passed=true
2025-12-25 17:40:00 | INFO | repo=a4m36jee-2014-infinispan-seminar | action=edit | files=3
2025-11-14 13:44:00 | WARN | repo=a4m36jee-2014-infinispan-seminar | action=commit
2025-06-26 16:37:00 | INFO | repo=a4m36jee-2014-infinispan-seminar | action=test | passed=true
2025-02-21 08:59:00 | INFO | repo=a4m36jee-2014-infinispan-seminar | action=commit
2025-10-07 17:51:00 | DEBUG | repo=a4m36jee-2014-infinispan-seminar | action=test | passed=true
2025-03-28 10:16:00 | INFO | repo=a4m36jee-2014-infinispan-seminar | action=edit | files=5
2025-09-03 14:27:00 | INFO | repo=a4m36jee-2014-infinispan-seminar | action=commit
